node.exe : FAIL tests/task.test.js
At C:\Program Files\nodejs\npx.ps1:29 char:3
+   & $NODE_EXE $NPX_CLI_JS $args
+   ~~~~~~~~~~~~~~~~~~~~~~~~~~~~~
    + CategoryInfo          : NotSpecified: (FAIL tests/task.test.js:String) [], RemoteException
    + FullyQualifiedErrorId : NativeCommandError
 
  ΓùÅ Test suite failed to run

    TypeError: (0 , _jestUtil(...).initializeGarbageCollectionUtils) is not a function

      at new NodeEnvironment (../node_modules/jest-environment-node/build/index.js:103:54)

Test Suites: 1 failed, 1 total
Tests:       0 total
Snapshots:   0 total
Time:        1.692 s
Ran all test suites.
